Archive member included to satisfy reference by file (symbol)

/usr/lib/gcc/avr/14.1.0/avr5/libgcc.a(_divmodhi4.o)
                              wheels.o (__divmodhi4)
/usr/lib/gcc/avr/14.1.0/avr5/libgcc.a(_exit.o)
                              /usr/lib/gcc/avr/14.1.0/../../../../avr/lib/avr5/crtatmega324pa.o (exit)
/usr/lib/gcc/avr/14.1.0/avr5/libgcc.a(_copy_data.o)
                              debug.o (__do_copy_data)
/usr/lib/gcc/avr/14.1.0/avr5/libgcc.a(_udivmodhi4.o)
                              /usr/lib/gcc/avr/14.1.0/avr5/libgcc.a(_divmodhi4.o) (__udivmodhi4)
/usr/lib/gcc/avr/14.1.0/../../../../avr/lib/avr5/libc.a(sprintf.o)
                              debug.o (sprintf)
/usr/lib/gcc/avr/14.1.0/../../../../avr/lib/avr5/libc.a(vfprintf_std.o)
                              /usr/lib/gcc/avr/14.1.0/../../../../avr/lib/avr5/libc.a(sprintf.o) (vfprintf)
/usr/lib/gcc/avr/14.1.0/../../../../avr/lib/avr5/libc.a(strnlen_P.o)
                              /usr/lib/gcc/avr/14.1.0/../../../../avr/lib/avr5/libc.a(vfprintf_std.o) (strnlen_P)
/usr/lib/gcc/avr/14.1.0/../../../../avr/lib/avr5/libc.a(strnlen.o)
                              /usr/lib/gcc/avr/14.1.0/../../../../avr/lib/avr5/libc.a(vfprintf_std.o) (strnlen)
/usr/lib/gcc/avr/14.1.0/../../../../avr/lib/avr5/libc.a(fputc.o)
                              /usr/lib/gcc/avr/14.1.0/../../../../avr/lib/avr5/libc.a(vfprintf_std.o) (fputc)
/usr/lib/gcc/avr/14.1.0/../../../../avr/lib/avr5/libc.a(ultoa_invert.o)
                              /usr/lib/gcc/avr/14.1.0/../../../../avr/lib/avr5/libc.a(vfprintf_std.o) (__ultoa_invert)
/usr/lib/gcc/avr/14.1.0/avr5/libgcc.a(_prologue.o)
                              /usr/lib/gcc/avr/14.1.0/../../../../avr/lib/avr5/libc.a(sprintf.o) (__prologue_saves__)
/usr/lib/gcc/avr/14.1.0/avr5/libgcc.a(_epilogue.o)
                              /usr/lib/gcc/avr/14.1.0/../../../../avr/lib/avr5/libc.a(sprintf.o) (__epilogue_restores__)

There are no discarded input sections

Memory Configuration

Name             Origin             Length             Attributes
text             0x00000000         0x00008000         xr
data             0x00800100         0x00000800         rw!x
eeprom           0x00810000         0x00000400         rw!x
fuse             0x00820000         0x00000003         rw!x
lock             0x00830000         0x00000400         rw!x
signature        0x00840000         0x00000400         rw!x
user_signatures  0x00850000         0x00000400         rw!x
*default*        0x00000000         0xffffffff

Linker script and memory map

Address of section .data set to 0x800100
LOAD /usr/lib/gcc/avr/14.1.0/../../../../avr/lib/avr5/crtatmega324pa.o
LOAD button.o
LOAD can.o
LOAD debug.o
LOAD led.o
LOAD memoire_24.o
LOAD ports.o
LOAD rs232.o
LOAD timer0.o
LOAD timer1.o
LOAD timer2.o
LOAD wheels.o
LOAD /usr/lib/gcc/avr/14.1.0/../../../../avr/lib/avr5/libm.a
START GROUP
LOAD /usr/lib/gcc/avr/14.1.0/avr5/libgcc.a
LOAD /usr/lib/gcc/avr/14.1.0/../../../../avr/lib/avr5/libm.a
LOAD /usr/lib/gcc/avr/14.1.0/../../../../avr/lib/avr5/libc.a
LOAD /usr/lib/gcc/avr/14.1.0/../../../../avr/lib/avr5/libatmega324pa.a
END GROUP
                [0x00000000]                      __TEXT_REGION_ORIGIN__ = DEFINED (__TEXT_REGION_ORIGIN__)?__TEXT_REGION_ORIGIN__:0x0
                [0x00008000]                      __TEXT_REGION_LENGTH__ = DEFINED (__TEXT_REGION_LENGTH__)?__TEXT_REGION_LENGTH__:0x20000
                [0x00800100]                      __DATA_REGION_ORIGIN__ = DEFINED (__DATA_REGION_ORIGIN__)?__DATA_REGION_ORIGIN__:0x800060
                [0x00000800]                      __DATA_REGION_LENGTH__ = DEFINED (__DATA_REGION_LENGTH__)?__DATA_REGION_LENGTH__:0xffa0
                [0x00000400]                      __EEPROM_REGION_LENGTH__ = DEFINED (__EEPROM_REGION_LENGTH__)?__EEPROM_REGION_LENGTH__:0x10000
                [0x00000003]                      __FUSE_REGION_LENGTH__ = DEFINED (__FUSE_REGION_LENGTH__)?__FUSE_REGION_LENGTH__:0x400
                0x00000400                        __LOCK_REGION_LENGTH__ = DEFINED (__LOCK_REGION_LENGTH__)?__LOCK_REGION_LENGTH__:0x400
                0x00000400                        __SIGNATURE_REGION_LENGTH__ = DEFINED (__SIGNATURE_REGION_LENGTH__)?__SIGNATURE_REGION_LENGTH__:0x400
                0x00000400                        __USER_SIGNATURE_REGION_LENGTH__ = DEFINED (__USER_SIGNATURE_REGION_LENGTH__)?__USER_SIGNATURE_REGION_LENGTH__:0x400

.hash
 *(.hash)

.dynsym
 *(.dynsym)

.dynstr
 *(.dynstr)

.gnu.version
 *(.gnu.version)

.gnu.version_d
 *(.gnu.version_d)

.gnu.version_r
 *(.gnu.version_r)

.rel.init
 *(.rel.init)

.rela.init
 *(.rela.init)

.rel.text
 *(.rel.text)
 *(.rel.text.*)
 *(.rel.gnu.linkonce.t*)

.rela.text
 *(.rela.text)
 *(.rela.text.*)
 *(.rela.gnu.linkonce.t*)

.rel.fini
 *(.rel.fini)

.rela.fini
 *(.rela.fini)

.rel.rodata
 *(.rel.rodata)
 *(.rel.rodata.*)
 *(.rel.gnu.linkonce.r*)

.rela.rodata
 *(.rela.rodata)
 *(.rela.rodata.*)
 *(.rela.gnu.linkonce.r*)

.rel.data
 *(.rel.data)
 *(.rel.data.*)
 *(.rel.gnu.linkonce.d*)

.rela.data
 *(.rela.data)
 *(.rela.data.*)
 *(.rela.gnu.linkonce.d*)

.rel.ctors
 *(.rel.ctors)

.rela.ctors
 *(.rela.ctors)

.rel.dtors
 *(.rel.dtors)

.rela.dtors
 *(.rela.dtors)

.rel.got
 *(.rel.got)

.rela.got
 *(.rela.got)

.rel.bss
 *(.rel.bss)

.rela.bss
 *(.rela.bss)

.rel.plt
 *(.rel.plt)

.rela.plt
 *(.rela.plt)

.text           0x00000000     0x178c
 *(.vectors)
 .vectors       0x00000000       0x7c /usr/lib/gcc/avr/14.1.0/../../../../avr/lib/avr5/crtatmega324pa.o
                0x00000000                __vectors
                0x00000000                __vector_default
 *(.vectors)
 *(.progmem.gcc*)
                0x0000007c                        . = ALIGN (0x2)
                0x0000007c                        __trampolines_start = .
 *(.trampolines)
 .trampolines   0x0000007c        0x0 linker stubs
 *(.trampolines*)
                0x0000007c                        __trampolines_end = .
 *libprintf_flt.a:*(.progmem.data)
 *libc.a:*(.progmem.data)
 *(.progmem.*)
                0x0000007c                        . = ALIGN (0x2)
 *(.lowtext)
 *(.lowtext*)
                0x0000007c                        __ctors_start = .
 *(.ctors)
                0x0000007c                        __ctors_end = .
                0x0000007c                        __dtors_start = .
 *(.dtors)
                0x0000007c                        __dtors_end = .
 SORT_BY_NAME(*)(.ctors)
 SORT_BY_NAME(*)(.dtors)
 *(.init0)
 .init0         0x0000007c        0x0 /usr/lib/gcc/avr/14.1.0/../../../../avr/lib/avr5/crtatmega324pa.o
                0x0000007c                __init
 *(.init0)
 *(.init1)
 *(.init1)
 *(.init2)
 .init2         0x0000007c        0xc /usr/lib/gcc/avr/14.1.0/../../../../avr/lib/avr5/crtatmega324pa.o
 *(.init2)
 *(.init3)
 *(.init3)
 *(.init4)
 .init4         0x00000088       0x16 /usr/lib/gcc/avr/14.1.0/avr5/libgcc.a(_copy_data.o)
                0x00000088                __do_copy_data
 *(.init4)
 *(.init5)
 *(.init5)
 *(.init6)
 *(.init6)
 *(.init7)
 *(.init7)
 *(.init8)
 *(.init8)
 *(.init9)
 .init9         0x0000009e        0x8 /usr/lib/gcc/avr/14.1.0/../../../../avr/lib/avr5/crtatmega324pa.o
 *(.init9)
 *(.text)
 .text          0x000000a6        0x4 /usr/lib/gcc/avr/14.1.0/../../../../avr/lib/avr5/crtatmega324pa.o
                0x000000a6                __vector_22
                0x000000a6                __vector_28
                0x000000a6                __vector_1
                0x000000a6                __vector_24
                0x000000a6                __vector_12
                0x000000a6                __bad_interrupt
                0x000000a6                __vector_6
                0x000000a6                __vector_3
                0x000000a6                __vector_23
                0x000000a6                __vector_30
                0x000000a6                __vector_25
                0x000000a6                __vector_11
                0x000000a6                __vector_13
                0x000000a6                __vector_17
                0x000000a6                __vector_19
                0x000000a6                __vector_7
                0x000000a6                __vector_27
                0x000000a6                __vector_5
                0x000000a6                __vector_4
                0x000000a6                __vector_9
                0x000000a6                __vector_2
                0x000000a6                __vector_21
                0x000000a6                __vector_15
                0x000000a6                __vector_29
                0x000000a6                __vector_8
                0x000000a6                __vector_26
                0x000000a6                __vector_14
                0x000000a6                __vector_10
                0x000000a6                __vector_16
                0x000000a6                __vector_18
                0x000000a6                __vector_20
 .text          0x000000aa       0x48 button.o
                0x000000aa                _ZN6Button25activateExternalInterruptEv
                0x000000bc                _ZN6ButtonC2E10ButtonTypePVb
                0x000000bc                _ZN6ButtonC1E10ButtonTypePVb
                0x000000d8                _ZN6Button9isPressedEv
 .text          0x000000f2       0x58 can.o
                0x000000f2                _ZN3canC2Ev
                0x000000f2                _ZN3canC1Ev
                0x000000fe                _ZN3canD1Ev
                0x000000fe                _ZN3canD2Ev
                0x00000104                _ZN3can7lectureEh
 .text          0x0000014a       0x98 debug.o
                0x0000014a                _ZN5DEBUG12DebugToRs232EPKc
                0x00000178                _ZN5DEBUG12DebugToRs232Ei
 .text          0x000001e2       0xfc led.o
                0x000001e2                _ZN3LedC2EP5Ports4Port3PinS3_
                0x000001e2                _ZN3LedC1EP5Ports4Port3PinS3_
                0x00000220                _ZN3Led7lightUpE5Color
                0x000002ac                _ZN3LedD1Ev
                0x000002ac                _ZN3LedD2Ev
 .text          0x000002de      0x35e memoire_24.o
                0x000002de                _ZN13Memoire24CXXXD2Ev
                0x000002de                _ZN13Memoire24CXXXD1Ev
                0x000002e0                _ZN13Memoire24CXXX4initEv
                0x000002f2                _ZN13Memoire24CXXXC2Ev
                0x000002f2                _ZN13Memoire24CXXXC1Ev
                0x000002fe                _ZN13Memoire24CXXX12choisir_bancEh
                0x00000310                _ZN13Memoire24CXXX7lectureEjPh
                0x000003d2                _ZN13Memoire24CXXX7lectureEjPhh
                0x0000049c                _ZN13Memoire24CXXX8ecritureEjh
                0x0000052c                _ZN13Memoire24CXXX11ecrire_pageEjPhh
                0x000005f6                _ZN13Memoire24CXXX8ecritureEjPhh
 .text          0x0000063c      0x21e ports.o
                0x0000063c                _ZN5Ports10setPinModeE8PortMode4Port3Pin
                0x0000071e                _ZN5Ports8readPortE4Port
                0x0000074c                _ZN5Ports9writePortE4Porth
                0x00000774                _ZN5Ports7readPinE4Port3Pin
                0x000007b0                _ZN5Ports8writePinE4Port3Pinb
 .text          0x0000085a       0x56 rs232.o
                0x0000085a                _ZN5RS232C2Ev
                0x0000085a                _ZN5RS232C1Ev
                0x0000087e                _ZN5RS2325writeEPKc
 .text          0x000008b0      0x220 timer0.o
                0x000008b0                _ZN6Timer012setPrescalerE9Prescaler
                0x00000942                _ZN6Timer012setTimerModeE9TimerMode
                0x00000984                _ZN6Timer021setCompareOutputModeAE17CompareOutputMode
                0x000009ca                _ZN6Timer021setCompareOutputModeBE17CompareOutputMode
                0x00000a10                _ZN6Timer015setCompareValueE16OutputComparePinh
                0x00000a30                _ZN6Timer013setTimerValueEh
                0x00000a38                _ZN6Timer015allowInterruptsE16OutputComparePin
                0x00000a90                _ZN6Timer0C2E9TimerMode
                0x00000a90                _ZN6Timer0C1E9TimerMode
 .text          0x00000ad0      0x2ba timer1.o
                0x00000ad0                _ZN6Timer112setPrescalerE9Prescaler
                0x00000b62                _ZN6Timer112setTimerModeE9TimerMode
                0x00000bb6                _ZN6Timer121setCompareOutputModeAE17CompareOutputMode
                0x00000c0e                _ZN6Timer121setCompareOutputModeBE17CompareOutputMode
                0x00000c66                _ZN6Timer115setCompareValueE16OutputComparePinj
                0x00000c98                _ZN6Timer113setTimerValueEj
                0x00000ca6                _ZN6Timer115allowInterruptsE16OutputComparePin
                0x00000cfe                _ZN6Timer1C1E9TimerMode
                0x00000cfe                _ZN6Timer1C2E9TimerMode
                0x00000d38                _ZN6Timer124initializeTimerForDelaysERVb
                0x00000d58                _ZN6Timer110startTimerEj
                0x00000d80                _ZN6Timer19isExpiredEv
 .text          0x00000d8a      0x264 timer2.o
                0x00000d8a                _ZN6Timer212setPrescalerE9Prescaler
                0x00000e1c                _ZN6Timer212setTimerModeE9TimerMode
                0x00000e76                _ZN6Timer221setCompareOutputModeAE17CompareOutputMode
                0x00000ece                _ZN6Timer221setCompareOutputModeBE17CompareOutputMode
                0x00000f26                _ZN6Timer215setCompareValueE16OutputComparePinh
                0x00000f4c                _ZN6Timer213setTimerValueEh
                0x00000f56                _ZN6Timer215allowInterruptsE16OutputComparePin
                0x00000fae                _ZN6Timer2C1E9TimerMode
                0x00000fae                _ZN6Timer2C2E9TimerMode
 .text          0x00000fee      0x176 wheels.o
                0x00000fee                _ZN6WheelsC1EP6Timer1P6Timer2P5Ports
                0x00000fee                _ZN6WheelsC2EP6Timer1P6Timer2P5Ports
                0x0000108c                _ZN6Wheels15rotateLeftWheelEh9Direction
                0x000010f8                _ZN6Wheels16rotateRightWheelEh9Direction
 .text          0x00001164        0x0 /usr/lib/gcc/avr/14.1.0/avr5/libgcc.a(_divmodhi4.o)
 .text          0x00001164        0x0 /usr/lib/gcc/avr/14.1.0/avr5/libgcc.a(_exit.o)
 .text          0x00001164        0x0 /usr/lib/gcc/avr/14.1.0/avr5/libgcc.a(_copy_data.o)
 .text          0x00001164        0x0 /usr/lib/gcc/avr/14.1.0/avr5/libgcc.a(_udivmodhi4.o)
 .text          0x00001164        0x0 /usr/lib/gcc/avr/14.1.0/../../../../avr/lib/avr5/libc.a(sprintf.o)
 .text          0x00001164        0x0 /usr/lib/gcc/avr/14.1.0/../../../../avr/lib/avr5/libc.a(vfprintf_std.o)
 .text          0x00001164        0x0 /usr/lib/gcc/avr/14.1.0/../../../../avr/lib/avr5/libc.a(strnlen_P.o)
 .text          0x00001164        0x0 /usr/lib/gcc/avr/14.1.0/../../../../avr/lib/avr5/libc.a(strnlen.o)
 .text          0x00001164        0x0 /usr/lib/gcc/avr/14.1.0/../../../../avr/lib/avr5/libc.a(fputc.o)
 .text          0x00001164        0x0 /usr/lib/gcc/avr/14.1.0/../../../../avr/lib/avr5/libc.a(ultoa_invert.o)
 .text          0x00001164        0x0 /usr/lib/gcc/avr/14.1.0/avr5/libgcc.a(_prologue.o)
 .text          0x00001164        0x0 /usr/lib/gcc/avr/14.1.0/avr5/libgcc.a(_epilogue.o)
                0x00001164                        . = ALIGN (0x2)
 *(.text.*)
 .text.libgcc.mul
                0x00001164        0x0 /usr/lib/gcc/avr/14.1.0/avr5/libgcc.a(_divmodhi4.o)
 .text.libgcc.div
                0x00001164       0x28 /usr/lib/gcc/avr/14.1.0/avr5/libgcc.a(_divmodhi4.o)
                0x00001164                __divmodhi4
                0x00001164                _div
 .text.libgcc   0x0000118c        0x0 /usr/lib/gcc/avr/14.1.0/avr5/libgcc.a(_divmodhi4.o)
 .text.libgcc.prologue
                0x0000118c        0x0 /usr/lib/gcc/avr/14.1.0/avr5/libgcc.a(_divmodhi4.o)
 .text.libgcc.builtins
                0x0000118c        0x0 /usr/lib/gcc/avr/14.1.0/avr5/libgcc.a(_divmodhi4.o)
 .text.libgcc.fmul
                0x0000118c        0x0 /usr/lib/gcc/avr/14.1.0/avr5/libgcc.a(_divmodhi4.o)
 .text.libgcc.fixed
                0x0000118c        0x0 /usr/lib/gcc/avr/14.1.0/avr5/libgcc.a(_divmodhi4.o)
 .text.libgcc.mul
                0x0000118c        0x0 /usr/lib/gcc/avr/14.1.0/avr5/libgcc.a(_exit.o)
 .text.libgcc.div
                0x0000118c        0x0 /usr/lib/gcc/avr/14.1.0/avr5/libgcc.a(_exit.o)
 .text.libgcc   0x0000118c        0x0 /usr/lib/gcc/avr/14.1.0/avr5/libgcc.a(_exit.o)
 .text.libgcc.prologue
                0x0000118c        0x0 /usr/lib/gcc/avr/14.1.0/avr5/libgcc.a(_exit.o)
 .text.libgcc.builtins
                0x0000118c        0x0 /usr/lib/gcc/avr/14.1.0/avr5/libgcc.a(_exit.o)
 .text.libgcc.fmul
                0x0000118c        0x0 /usr/lib/gcc/avr/14.1.0/avr5/libgcc.a(_exit.o)
 .text.libgcc.fixed
                0x0000118c        0x0 /usr/lib/gcc/avr/14.1.0/avr5/libgcc.a(_exit.o)
 .text.libgcc.mul
                0x0000118c        0x0 /usr/lib/gcc/avr/14.1.0/avr5/libgcc.a(_copy_data.o)
 .text.libgcc.div
                0x0000118c        0x0 /usr/lib/gcc/avr/14.1.0/avr5/libgcc.a(_copy_data.o)
 .text.libgcc   0x0000118c        0x0 /usr/lib/gcc/avr/14.1.0/avr5/libgcc.a(_copy_data.o)
 .text.libgcc.prologue
                0x0000118c        0x0 /usr/lib/gcc/avr/14.1.0/avr5/libgcc.a(_copy_data.o)
 .text.libgcc.builtins
                0x0000118c        0x0 /usr/lib/gcc/avr/14.1.0/avr5/libgcc.a(_copy_data.o)
 .text.libgcc.fmul
                0x0000118c        0x0 /usr/lib/gcc/avr/14.1.0/avr5/libgcc.a(_copy_data.o)
 .text.libgcc.fixed
                0x0000118c        0x0 /usr/lib/gcc/avr/14.1.0/avr5/libgcc.a(_copy_data.o)
 .text.libgcc.mul
                0x0000118c        0x0 /usr/lib/gcc/avr/14.1.0/avr5/libgcc.a(_udivmodhi4.o)
 .text.libgcc.div
                0x0000118c       0x28 /usr/lib/gcc/avr/14.1.0/avr5/libgcc.a(_udivmodhi4.o)
                0x0000118c                __udivmodhi4
 .text.libgcc   0x000011b4        0x0 /usr/lib/gcc/avr/14.1.0/avr5/libgcc.a(_udivmodhi4.o)
 .text.libgcc.prologue
                0x000011b4        0x0 /usr/lib/gcc/avr/14.1.0/avr5/libgcc.a(_udivmodhi4.o)
 .text.libgcc.builtins
                0x000011b4        0x0 /usr/lib/gcc/avr/14.1.0/avr5/libgcc.a(_udivmodhi4.o)
 .text.libgcc.fmul
                0x000011b4        0x0 /usr/lib/gcc/avr/14.1.0/avr5/libgcc.a(_udivmodhi4.o)
 .text.libgcc.fixed
                0x000011b4        0x0 /usr/lib/gcc/avr/14.1.0/avr5/libgcc.a(_udivmodhi4.o)
 .text.avr-libc
                0x000011b4       0x46 /usr/lib/gcc/avr/14.1.0/../../../../avr/lib/avr5/libc.a(sprintf.o)
                0x000011b4                sprintf
 .text.avr-libc
                0x000011fa      0x3d8 /usr/lib/gcc/avr/14.1.0/../../../../avr/lib/avr5/libc.a(vfprintf_std.o)
                0x000011fa                vfprintf
 .text.avr-libc
                0x000015d2       0x16 /usr/lib/gcc/avr/14.1.0/../../../../avr/lib/avr5/libc.a(strnlen_P.o)
                0x000015d2                strnlen_P
 .text.avr-libc
                0x000015e8       0x16 /usr/lib/gcc/avr/14.1.0/../../../../avr/lib/avr5/libc.a(strnlen.o)
                0x000015e8                strnlen
 .text.avr-libc
                0x000015fe       0x60 /usr/lib/gcc/avr/14.1.0/../../../../avr/lib/avr5/libc.a(fputc.o)
                0x000015fe                fputc
 .text.avr-libc
                0x0000165e       0xbc /usr/lib/gcc/avr/14.1.0/../../../../avr/lib/avr5/libc.a(ultoa_invert.o)
                0x0000165e                __ultoa_invert
 .text.libgcc.mul
                0x0000171a        0x0 /usr/lib/gcc/avr/14.1.0/avr5/libgcc.a(_prologue.o)
 .text.libgcc.div
                0x0000171a        0x0 /usr/lib/gcc/avr/14.1.0/avr5/libgcc.a(_prologue.o)
 .text.libgcc   0x0000171a        0x0 /usr/lib/gcc/avr/14.1.0/avr5/libgcc.a(_prologue.o)
 .text.libgcc.prologue
                0x0000171a       0x38 /usr/lib/gcc/avr/14.1.0/avr5/libgcc.a(_prologue.o)
                0x0000171a                __prologue_saves__
 .text.libgcc.builtins
                0x00001752        0x0 /usr/lib/gcc/avr/14.1.0/avr5/libgcc.a(_prologue.o)
 .text.libgcc.fmul
                0x00001752        0x0 /usr/lib/gcc/avr/14.1.0/avr5/libgcc.a(_prologue.o)
 .text.libgcc.fixed
                0x00001752        0x0 /usr/lib/gcc/avr/14.1.0/avr5/libgcc.a(_prologue.o)
 .text.libgcc.mul
                0x00001752        0x0 /usr/lib/gcc/avr/14.1.0/avr5/libgcc.a(_epilogue.o)
 .text.libgcc.div
                0x00001752        0x0 /usr/lib/gcc/avr/14.1.0/avr5/libgcc.a(_epilogue.o)
 .text.libgcc   0x00001752        0x0 /usr/lib/gcc/avr/14.1.0/avr5/libgcc.a(_epilogue.o)
 .text.libgcc.prologue
                0x00001752       0x36 /usr/lib/gcc/avr/14.1.0/avr5/libgcc.a(_epilogue.o)
                0x00001752                __epilogue_restores__
 .text.libgcc.builtins
                0x00001788        0x0 /usr/lib/gcc/avr/14.1.0/avr5/libgcc.a(_epilogue.o)
 .text.libgcc.fmul
                0x00001788        0x0 /usr/lib/gcc/avr/14.1.0/avr5/libgcc.a(_epilogue.o)
 .text.libgcc.fixed
                0x00001788        0x0 /usr/lib/gcc/avr/14.1.0/avr5/libgcc.a(_epilogue.o)
                0x00001788                        . = ALIGN (0x2)
 *(.fini9)
 .fini9         0x00001788        0x0 /usr/lib/gcc/avr/14.1.0/avr5/libgcc.a(_exit.o)
                0x00001788                exit
                0x00001788                _exit
 *(.fini9)
 *(.fini8)
 *(.fini8)
 *(.fini7)
 *(.fini7)
 *(.fini6)
 *(.fini6)
 *(.fini5)
 *(.fini5)
 *(.fini4)
 *(.fini4)
 *(.fini3)
 *(.fini3)
 *(.fini2)
 *(.fini2)
 *(.fini1)
 *(.fini1)
 *(.fini0)
 .fini0         0x00001788        0x4 /usr/lib/gcc/avr/14.1.0/avr5/libgcc.a(_exit.o)
 *(.fini0)
 *(.hightext)
 *(.hightext*)
 *(.progmemx.*)
                0x0000178c                        . = ALIGN (0x2)
 *(.jumptables)
 *(.jumptables*)
                0x0000178c                        _etext = .

.data           0x00800100        0x4 load address 0x0000178c
                0x00800100                        PROVIDE (__data_start = .)
 *(.data)
 .data          0x00800100        0x0 /usr/lib/gcc/avr/14.1.0/../../../../avr/lib/avr5/crtatmega324pa.o
 .data          0x00800100        0x0 button.o
 .data          0x00800100        0x0 can.o
 .data          0x00800100        0x0 debug.o
 .data          0x00800100        0x0 led.o
 .data          0x00800100        0x1 memoire_24.o
                0x00800100                _ZN13Memoire24CXXX22m_adresse_peripheriqueE
 .data          0x00800101        0x0 ports.o
 .data          0x00800101        0x0 rs232.o
 .data          0x00800101        0x0 timer0.o
 .data          0x00800101        0x0 timer1.o
 .data          0x00800101        0x0 timer2.o
 .data          0x00800101        0x0 wheels.o
 .data          0x00800101        0x0 /usr/lib/gcc/avr/14.1.0/avr5/libgcc.a(_divmodhi4.o)
 .data          0x00800101        0x0 /usr/lib/gcc/avr/14.1.0/avr5/libgcc.a(_exit.o)
 .data          0x00800101        0x0 /usr/lib/gcc/avr/14.1.0/avr5/libgcc.a(_copy_data.o)
 .data          0x00800101        0x0 /usr/lib/gcc/avr/14.1.0/avr5/libgcc.a(_udivmodhi4.o)
 .data          0x00800101        0x0 /usr/lib/gcc/avr/14.1.0/../../../../avr/lib/avr5/libc.a(sprintf.o)
 .data          0x00800101        0x0 /usr/lib/gcc/avr/14.1.0/../../../../avr/lib/avr5/libc.a(vfprintf_std.o)
 .data          0x00800101        0x0 /usr/lib/gcc/avr/14.1.0/../../../../avr/lib/avr5/libc.a(strnlen_P.o)
 .data          0x00800101        0x0 /usr/lib/gcc/avr/14.1.0/../../../../avr/lib/avr5/libc.a(strnlen.o)
 .data          0x00800101        0x0 /usr/lib/gcc/avr/14.1.0/../../../../avr/lib/avr5/libc.a(fputc.o)
 .data          0x00800101        0x0 /usr/lib/gcc/avr/14.1.0/../../../../avr/lib/avr5/libc.a(ultoa_invert.o)
 .data          0x00800101        0x0 /usr/lib/gcc/avr/14.1.0/avr5/libgcc.a(_prologue.o)
 .data          0x00800101        0x0 /usr/lib/gcc/avr/14.1.0/avr5/libgcc.a(_epilogue.o)
 *(.data*)
 *(.gnu.linkonce.d*)
 *(.rodata)
 *(.rodata*)
 .rodata.str1.1
                0x00800101        0x3 debug.o
 *(.gnu.linkonce.r*)
                0x00800104                        . = ALIGN (0x2)
                0x00800104                        _edata = .
                0x00800104                        PROVIDE (__data_end = .)

.bss            0x00800104        0x0
                [!provide]                        PROVIDE (__bss_start = .)
 *(.bss)
 .bss           0x00800104        0x0 /usr/lib/gcc/avr/14.1.0/../../../../avr/lib/avr5/crtatmega324pa.o
 .bss           0x00800104        0x0 button.o
 .bss           0x00800104        0x0 can.o
 .bss           0x00800104        0x0 debug.o
 .bss           0x00800104        0x0 led.o
 .bss           0x00800104        0x0 memoire_24.o
 .bss           0x00800104        0x0 ports.o
 .bss           0x00800104        0x0 rs232.o
 .bss           0x00800104        0x0 timer0.o
 .bss           0x00800104        0x0 timer1.o
 .bss           0x00800104        0x0 timer2.o
 .bss           0x00800104        0x0 wheels.o
 .bss           0x00800104        0x0 /usr/lib/gcc/avr/14.1.0/avr5/libgcc.a(_divmodhi4.o)
 .bss           0x00800104        0x0 /usr/lib/gcc/avr/14.1.0/avr5/libgcc.a(_exit.o)
 .bss           0x00800104        0x0 /usr/lib/gcc/avr/14.1.0/avr5/libgcc.a(_copy_data.o)
 .bss           0x00800104        0x0 /usr/lib/gcc/avr/14.1.0/avr5/libgcc.a(_udivmodhi4.o)
 .bss           0x00800104        0x0 /usr/lib/gcc/avr/14.1.0/../../../../avr/lib/avr5/libc.a(sprintf.o)
 .bss           0x00800104        0x0 /usr/lib/gcc/avr/14.1.0/../../../../avr/lib/avr5/libc.a(vfprintf_std.o)
 .bss           0x00800104        0x0 /usr/lib/gcc/avr/14.1.0/../../../../avr/lib/avr5/libc.a(strnlen_P.o)
 .bss           0x00800104        0x0 /usr/lib/gcc/avr/14.1.0/../../../../avr/lib/avr5/libc.a(strnlen.o)
 .bss           0x00800104        0x0 /usr/lib/gcc/avr/14.1.0/../../../../avr/lib/avr5/libc.a(fputc.o)
 .bss           0x00800104        0x0 /usr/lib/gcc/avr/14.1.0/../../../../avr/lib/avr5/libc.a(ultoa_invert.o)
 .bss           0x00800104        0x0 /usr/lib/gcc/avr/14.1.0/avr5/libgcc.a(_prologue.o)
 .bss           0x00800104        0x0 /usr/lib/gcc/avr/14.1.0/avr5/libgcc.a(_epilogue.o)
 *(.bss*)
 *(COMMON)
                [!provide]                        PROVIDE (__bss_end = .)
                0x0000178c                        __data_load_start = LOADADDR (.data)
                0x00001790                        __data_load_end = (__data_load_start + SIZEOF (.data))

.noinit         0x00800104        0x0
                [!provide]                        PROVIDE (__noinit_start = .)
 *(.noinit .noinit.* .gnu.linkonce.n.*)
                [!provide]                        PROVIDE (__noinit_end = .)
                0x00800104                        _end = .
                [!provide]                        PROVIDE (__heap_start = .)
                [!provide]                        PROVIDE (__flmap_init_label = DEFINED (__flmap_noinit_start)?__flmap_noinit_start:0x0)
                [!provide]                        PROVIDE (__flmap = DEFINED (__flmap)?__flmap:0x0)

.eeprom         0x00810000        0x0
 *(.eeprom*)
                0x00810000                        __eeprom_end = .

.fuse
 *(.fuse)
 *(.lfuse)
 *(.hfuse)
 *(.efuse)

.lock
 *(.lock*)

.signature
 *(.signature*)

.stab
 *(.stab)

.stabstr
 *(.stabstr)

.stab.excl
 *(.stab.excl)

.stab.exclstr
 *(.stab.exclstr)

.stab.index
 *(.stab.index)

.stab.indexstr
 *(.stab.indexstr)

.comment        0x00000000       0x22
 *(.comment)
 .comment       0x00000000       0x22 button.o
                                 0x23 (size before relaxing)
 .comment       0x00000022       0x23 can.o
 .comment       0x00000022       0x23 debug.o
 .comment       0x00000022       0x23 led.o
 .comment       0x00000022       0x23 memoire_24.o
 .comment       0x00000022       0x23 ports.o
 .comment       0x00000022       0x23 rs232.o
 .comment       0x00000022       0x23 timer0.o
 .comment       0x00000022       0x23 timer1.o
 .comment       0x00000022       0x23 timer2.o
 .comment       0x00000022       0x23 wheels.o
 .comment       0x00000022       0x23 /usr/lib/gcc/avr/14.1.0/../../../../avr/lib/avr5/libc.a(sprintf.o)
 .comment       0x00000022       0x23 /usr/lib/gcc/avr/14.1.0/../../../../avr/lib/avr5/libc.a(vfprintf_std.o)
 .comment       0x00000022       0x23 /usr/lib/gcc/avr/14.1.0/../../../../avr/lib/avr5/libc.a(fputc.o)

.note.gnu.avr.deviceinfo
                0x00000000       0x40
 .note.gnu.avr.deviceinfo
                0x00000000       0x40 /usr/lib/gcc/avr/14.1.0/../../../../avr/lib/avr5/crtatmega324pa.o

.gnu.build.attributes
 *(.gnu.build.attributes .gnu.build.attributes.*)

.note.gnu.build-id
 *(.note.gnu.build-id)

.debug
 *(.debug)

.line
 *(.line)

.debug_srcinfo
 *(.debug_srcinfo)

.debug_sfnames
 *(.debug_sfnames)

.debug_aranges  0x00000000      0x220
 *(.debug_aranges)
 .debug_aranges
                0x00000000       0x20 button.o
 .debug_aranges
                0x00000020       0x20 can.o
 .debug_aranges
                0x00000040       0x20 debug.o
 .debug_aranges
                0x00000060       0x20 led.o
 .debug_aranges
                0x00000080       0x20 memoire_24.o
 .debug_aranges
                0x000000a0       0x20 ports.o
 .debug_aranges
                0x000000c0       0x20 rs232.o
 .debug_aranges
                0x000000e0       0x20 timer0.o
 .debug_aranges
                0x00000100       0x20 timer1.o
 .debug_aranges
                0x00000120       0x20 timer2.o
 .debug_aranges
                0x00000140       0x20 wheels.o
 .debug_aranges
                0x00000160       0x20 /usr/lib/gcc/avr/14.1.0/avr5/libgcc.a(_divmodhi4.o)
 .debug_aranges
                0x00000180       0x20 /usr/lib/gcc/avr/14.1.0/avr5/libgcc.a(_exit.o)
 .debug_aranges
                0x000001a0       0x20 /usr/lib/gcc/avr/14.1.0/avr5/libgcc.a(_copy_data.o)
 .debug_aranges
                0x000001c0       0x20 /usr/lib/gcc/avr/14.1.0/avr5/libgcc.a(_udivmodhi4.o)
 .debug_aranges
                0x000001e0       0x20 /usr/lib/gcc/avr/14.1.0/avr5/libgcc.a(_prologue.o)
 .debug_aranges
                0x00000200       0x20 /usr/lib/gcc/avr/14.1.0/avr5/libgcc.a(_epilogue.o)

.debug_pubnames
 *(.debug_pubnames)

.debug_info     0x00000000     0x36b6
 *(.debug_info .gnu.linkonce.wi.*)
 .debug_info    0x00000000      0x6cc /usr/lib/gcc/avr/14.1.0/../../../../avr/lib/avr5/crtatmega324pa.o
 .debug_info    0x000006cc      0x1fb button.o
 .debug_info    0x000008c7      0x1cb can.o
 .debug_info    0x00000a92      0x22f debug.o
 .debug_info    0x00000cc1      0x4c5 led.o
 .debug_info    0x00001186      0x5fc memoire_24.o
 .debug_info    0x00001782      0x361 ports.o
 .debug_info    0x00001ae3      0x176 rs232.o
 .debug_info    0x00001c59      0x49e timer0.o
 .debug_info    0x000020f7      0x71c timer1.o
 .debug_info    0x00002813      0x49e timer2.o
 .debug_info    0x00002cb1      0x92d wheels.o
 .debug_info    0x000035de       0x24 /usr/lib/gcc/avr/14.1.0/avr5/libgcc.a(_divmodhi4.o)
 .debug_info    0x00003602       0x24 /usr/lib/gcc/avr/14.1.0/avr5/libgcc.a(_exit.o)
 .debug_info    0x00003626       0x24 /usr/lib/gcc/avr/14.1.0/avr5/libgcc.a(_copy_data.o)
 .debug_info    0x0000364a       0x24 /usr/lib/gcc/avr/14.1.0/avr5/libgcc.a(_udivmodhi4.o)
 .debug_info    0x0000366e       0x24 /usr/lib/gcc/avr/14.1.0/avr5/libgcc.a(_prologue.o)
 .debug_info    0x00003692       0x24 /usr/lib/gcc/avr/14.1.0/avr5/libgcc.a(_epilogue.o)

.debug_abbrev   0x00000000     0x1a54
 *(.debug_abbrev)
 .debug_abbrev  0x00000000      0x66e /usr/lib/gcc/avr/14.1.0/../../../../avr/lib/avr5/crtatmega324pa.o
 .debug_abbrev  0x0000066e      0x16e button.o
 .debug_abbrev  0x000007dc      0x174 can.o
 .debug_abbrev  0x00000950      0x184 debug.o
 .debug_abbrev  0x00000ad4      0x1fb led.o
 .debug_abbrev  0x00000ccf      0x2e4 memoire_24.o
 .debug_abbrev  0x00000fb3      0x1a0 ports.o
 .debug_abbrev  0x00001153      0x141 rs232.o
 .debug_abbrev  0x00001294      0x193 timer0.o
 .debug_abbrev  0x00001427      0x217 timer1.o
 .debug_abbrev  0x0000163e      0x193 timer2.o
 .debug_abbrev  0x000017d1      0x20b wheels.o
 .debug_abbrev  0x000019dc       0x14 /usr/lib/gcc/avr/14.1.0/avr5/libgcc.a(_divmodhi4.o)
 .debug_abbrev  0x000019f0       0x14 /usr/lib/gcc/avr/14.1.0/avr5/libgcc.a(_exit.o)
 .debug_abbrev  0x00001a04       0x14 /usr/lib/gcc/avr/14.1.0/avr5/libgcc.a(_copy_data.o)
 .debug_abbrev  0x00001a18       0x14 /usr/lib/gcc/avr/14.1.0/avr5/libgcc.a(_udivmodhi4.o)
 .debug_abbrev  0x00001a2c       0x14 /usr/lib/gcc/avr/14.1.0/avr5/libgcc.a(_prologue.o)
 .debug_abbrev  0x00001a40       0x14 /usr/lib/gcc/avr/14.1.0/avr5/libgcc.a(_epilogue.o)

.debug_line     0x00000000     0x3567
 *(.debug_line .debug_line.* .debug_line_end)
 .debug_line    0x00000000       0x1d /usr/lib/gcc/avr/14.1.0/../../../../avr/lib/avr5/crtatmega324pa.o
 .debug_line    0x0000001d      0x146 button.o
 .debug_line    0x00000163      0x173 can.o
 .debug_line    0x000002d6       0xf2 debug.o
 .debug_line    0x000003c8      0x1fc led.o
 .debug_line    0x000005c4      0xe8a memoire_24.o
 .debug_line    0x0000144e      0x557 ports.o
 .debug_line    0x000019a5      0x176 rs232.o
 .debug_line    0x00001b1b      0x603 timer0.o
 .debug_line    0x0000211e      0x761 timer1.o
 .debug_line    0x0000287f      0x5fb timer2.o
 .debug_line    0x00002e7a      0x2cd wheels.o
 .debug_line    0x00003147       0xb7 /usr/lib/gcc/avr/14.1.0/avr5/libgcc.a(_divmodhi4.o)
 .debug_line    0x000031fe       0x51 /usr/lib/gcc/avr/14.1.0/avr5/libgcc.a(_exit.o)
 .debug_line    0x0000324f       0x87 /usr/lib/gcc/avr/14.1.0/avr5/libgcc.a(_copy_data.o)
 .debug_line    0x000032d6       0xbd /usr/lib/gcc/avr/14.1.0/avr5/libgcc.a(_udivmodhi4.o)
 .debug_line    0x00003393       0xed /usr/lib/gcc/avr/14.1.0/avr5/libgcc.a(_prologue.o)
 .debug_line    0x00003480       0xe7 /usr/lib/gcc/avr/14.1.0/avr5/libgcc.a(_epilogue.o)

.debug_frame    0x00000000      0x564
 *(.debug_frame)
 .debug_frame   0x00000000       0x44 button.o
 .debug_frame   0x00000044       0x44 can.o
 .debug_frame   0x00000088       0x6c debug.o
 .debug_frame   0x000000f4       0x70 led.o
 .debug_frame   0x00000164       0xd4 memoire_24.o
 .debug_frame   0x00000238       0x64 ports.o
 .debug_frame   0x0000029c       0x34 rs232.o
 .debug_frame   0x000002d0       0xa0 timer0.o
 .debug_frame   0x00000370       0xdc timer1.o
 .debug_frame   0x0000044c       0xa0 timer2.o
 .debug_frame   0x000004ec       0x78 wheels.o

.debug_str      0x00000000     0x10bd
 *(.debug_str)
 .debug_str     0x00000000      0x255 /usr/lib/gcc/avr/14.1.0/../../../../avr/lib/avr5/crtatmega324pa.o
 .debug_str     0x00000255      0xe68 button.o
                                0x24a (size before relaxing)
 .debug_str     0x000010bd      0x1d6 can.o
 .debug_str     0x000010bd      0x21b debug.o
 .debug_str     0x000010bd      0x327 led.o
 .debug_str     0x000010bd      0x3a1 memoire_24.o
 .debug_str     0x000010bd      0x267 ports.o
 .debug_str     0x000010bd      0x1bd rs232.o
 .debug_str     0x000010bd      0x3e9 timer0.o
 .debug_str     0x000010bd      0x49c timer1.o
 .debug_str     0x000010bd      0x3e9 timer2.o
 .debug_str     0x000010bd      0x805 wheels.o
 .debug_str     0x000010bd       0x7d /usr/lib/gcc/avr/14.1.0/avr5/libgcc.a(_divmodhi4.o)
 .debug_str     0x000010bd       0x7d /usr/lib/gcc/avr/14.1.0/avr5/libgcc.a(_exit.o)
 .debug_str     0x000010bd       0x7d /usr/lib/gcc/avr/14.1.0/avr5/libgcc.a(_copy_data.o)
 .debug_str     0x000010bd       0x7d /usr/lib/gcc/avr/14.1.0/avr5/libgcc.a(_udivmodhi4.o)
 .debug_str     0x000010bd       0x7d /usr/lib/gcc/avr/14.1.0/avr5/libgcc.a(_prologue.o)
 .debug_str     0x000010bd       0x7d /usr/lib/gcc/avr/14.1.0/avr5/libgcc.a(_epilogue.o)

.debug_loc
 *(.debug_loc)

.debug_macinfo
 *(.debug_macinfo)

.debug_weaknames
 *(.debug_weaknames)

.debug_funcnames
 *(.debug_funcnames)

.debug_typenames
 *(.debug_typenames)

.debug_varnames
 *(.debug_varnames)

.debug_pubtypes
 *(.debug_pubtypes)

.debug_ranges
 *(.debug_ranges)

.debug_addr
 *(.debug_addr)

.debug_line_str
                0x00000000      0x1b0
 *(.debug_line_str)
 .debug_line_str
                0x00000000      0x1b0 button.o
                                 0x98 (size before relaxing)
 .debug_line_str
                0x000001b0       0xa6 can.o
 .debug_line_str
                0x000001b0       0xb5 debug.o
 .debug_line_str
                0x000001b0       0xae led.o
 .debug_line_str
                0x000001b0       0xc2 memoire_24.o
 .debug_line_str
                0x000001b0       0xae ports.o
 .debug_line_str
                0x000001b0       0xae rs232.o
 .debug_line_str
                0x000001b0       0xc6 timer0.o
 .debug_line_str
                0x000001b0       0xc6 timer1.o
 .debug_line_str
                0x000001b0       0xc6 timer2.o
 .debug_line_str
                0x000001b0       0xe0 wheels.o
 .debug_line_str
                0x000001b0       0x71 /usr/lib/gcc/avr/14.1.0/avr5/libgcc.a(_divmodhi4.o)
 .debug_line_str
                0x000001b0       0x71 /usr/lib/gcc/avr/14.1.0/avr5/libgcc.a(_exit.o)
 .debug_line_str
                0x000001b0       0x71 /usr/lib/gcc/avr/14.1.0/avr5/libgcc.a(_copy_data.o)
 .debug_line_str
                0x000001b0       0x71 /usr/lib/gcc/avr/14.1.0/avr5/libgcc.a(_udivmodhi4.o)
 .debug_line_str
                0x000001b0       0x71 /usr/lib/gcc/avr/14.1.0/avr5/libgcc.a(_prologue.o)
 .debug_line_str
                0x000001b0       0x71 /usr/lib/gcc/avr/14.1.0/avr5/libgcc.a(_epilogue.o)

.debug_loclists
                0x00000000      0xfce
 *(.debug_loclists)
 .debug_loclists
                0x00000000       0xa5 button.o
 .debug_loclists
                0x000000a5       0x7f can.o
 .debug_loclists
                0x00000124       0x53 debug.o
 .debug_loclists
                0x00000177      0x13a led.o
 .debug_loclists
                0x000002b1      0x32b memoire_24.o
 .debug_loclists
                0x000005dc      0x281 ports.o
 .debug_loclists
                0x0000085d       0x8c rs232.o
 .debug_loclists
                0x000008e9      0x111 timer0.o
 .debug_loclists
                0x000009fa      0x241 timer1.o
 .debug_loclists
                0x00000c3b      0x111 timer2.o
 .debug_loclists
                0x00000d4c      0x282 wheels.o

.debug_macro
 *(.debug_macro)

.debug_names
 *(.debug_names)

.debug_rnglists
                0x00000000       0x13
 *(.debug_rnglists)
 .debug_rnglists
                0x00000000       0x13 rs232.o

.debug_str_offsets
 *(.debug_str_offsets)

.debug_sup
 *(.debug_sup)
OUTPUT(libstatique.elf elf32-avr)
LOAD linker stubs
